17:30:00 **** Incremental Build of configuration Debug for project lab4 ****
make -j12 all 
arm-none-eabi-gcc -o "lab4.elf" @"objects.list"   -mcpu=cortex-m3 -T"D:\DaiHoc\HK5\VXL\GIT_LAB4\SrcFile\lab4\STM32F103C6UX_FLASH.ld" --specs=nosys.specs -Wl,-Map="lab4.map" -Wl,--gc-sections -static --specs=nano.specs -mfloat-abi=soft -mthumb -Wl,--start-group -lc -lm -Wl,--end-group
Finished building target: lab4.elf
 
arm-none-eabi-size   lab4.elf 
arm-none-eabi-objdump -h -S  lab4.elf  > "lab4.list"
   text	   data	    bss	    dec	    hex	filename
   8452	    120	   1696	  10268	   281c	lab4.elf
arm-none-eabi-objcopy  -O ihex  lab4.elf  "lab4.hex"
Finished building: default.size.stdout
Finished building: lab4.list
 
Finished building: lab4.hex
 
arm-none-eabi-objcopy  -O binary  lab4.elf  "lab4.bin"
 
Finished building: lab4.bin
 
